// Jest Snapshot v1, https://goo.gl/fbAQLP

exports[`Main component should render Main component 1`] = `
<body>
  <div>
    <div
      class="main"
    >
      <div
        class="space__spaceContainer_nr3as space__start_nr3as space__spaceContainerFullWidth_nr3as main__picture"
      >
        <div
          class="space__spaceItem_nr3as space__spaceItemFullWidth_nr3as"
        >
          <a
            href="/made-in-alfa"
          >
            <h1
              class="typography__component_19zgr typography__styrene-medium_pxbut typography__bold_pxbut"
            >
              Сделано в Альфе
            </h1>
            <div
              class="skeleton__component_1bshy skeleton__animate_1bshy"
            >
              <img
                alt="Сделано в Альфе"
                class=""
                src=""
              />
            </div>
          </a>
        </div>
      </div>
      <div
        class="space__spaceContainer_nr3as space__start_nr3as space__spaceContainerFullWidth_nr3as main__picture"
      >
        <div
          class="space__spaceItem_nr3as space__spaceItemFullWidth_nr3as"
        >
          <a
            href="/your-design"
          >
            <h1
              class="typography__component_19zgr typography__styrene-medium_pxbut typography__bold_pxbut"
            >
              Свой дизайн
            </h1>
            <div
              class="skeleton__component_1bshy skeleton__animate_1bshy"
            >
              <img
                alt="Свой дизайн"
                class=""
                src=""
              />
            </div>
          </a>
        </div>
      </div>
    </div>
  </div>
</body>
`;
