// Jest Snapshot v1, https://goo.gl/fbAQLP

exports[`Order component should render Order component 1`] = `
<body
  style="padding-right: 0px; overflow: hidden;"
>
  <div>
    <div
      class="order"
    />
  </div>
  <div
    alfa-portal-container=""
  >
    <div
      data-focus-guard="true"
      style="width: 1px; height: 0px; padding: 0px; overflow: hidden; position: fixed; top: 1px; left: 1px;"
      tabindex="0"
    />
    <div
      data-focus-lock-disabled="false"
    >
      <div
        aria-hidden="true"
        class="backdrop__backdrop_1by37 base-modal__backdrop_17r9c backdrop__invisible_1by37 backdrop__appear_1by37 backdrop__appearActive_1by37"
        style="z-index: 100;"
      />
      <div
        class="base-modal__wrapper_17r9c modal__wrapper_1dekw modal__fullscreen_1dekw"
        role="dialog"
        style="z-index: 100;"
        tabindex="0"
      >
        <div
          class="base-modal__component_17r9c modal__component_1dekw modal__fullscreen_1dekw modal__appear_j5ics modal__appearActive_j5ics"
        >
          <div
            class="base-modal__content_17r9c order__modal"
          >
            <div
              class="space__spaceContainer_nr3as space__start_nr3as space__spaceContainerFullWidth_nr3as order__header"
            >
              <div
                class="space__spaceItem_nr3as space__spaceItemFullWidth_nr3as"
                style="margin-right: 16px;"
              >
                <button
                  class="button__component_j4291 button__ghost_j4291 button__s_j4291 button__component_3xn9f button__ghost_3xn9f icon-button__primary_2t17d icon-button__component_2t17d"
                  type="button"
                >
                  <span
                    class="button__text_j4291 button__stretchText_j4291"
                  >
                    <span
                      class="icon-button__iconWrapper_pctl3 icon-button__s_pctl3"
                    >
                      <svg
                        class="icon-button__icon_pctl3"
                        fill="currentColor"
                        height="1em"
                        stroke="currentColor"
                        stroke-width="0"
                        version="1.1"
                        viewBox="0 0 17 17"
                        width="1em"
                        xmlns="http://www.w3.org/2000/svg"
                      >
                        <g />
                        <path
                          d="M16 8.972h-12.793l6.146 6.146-0.707 0.707-7.353-7.353 7.354-7.354 0.707 0.707-6.147 6.147h12.793v1z"
                        />
                      </svg>
                    </span>
                  </span>
                </button>
              </div>
              <div
                class="space__spaceItem_nr3as space__spaceItemFullWidth_nr3as"
                style="margin-right: 16px;"
              >
                <h3
                  class="typography__component_19zgr typography__styrene-medium_pxbut typography__bold_pxbut"
                >
                  Ваш заказ
                </h3>
              </div>
              <div
                class="space__spaceItem_nr3as space__spaceItemFullWidth_nr3as"
              >
                <button
                  class="button__component_j4291 button__ghost_j4291 button__s_j4291 button__component_3xn9f button__ghost_3xn9f icon-button__primary_2t17d icon-button__component_2t17d"
                  type="button"
                >
                  <span
                    class="button__text_j4291 button__stretchText_j4291"
                  >
                    <span
                      class="icon-button__iconWrapper_pctl3 icon-button__s_pctl3"
                    >
                      <svg
                        class="icon-button__icon_pctl3"
                        fill="currentColor"
                        height="1em"
                        stroke="currentColor"
                        stroke-width="0"
                        version="1.1"
                        viewBox="0 0 17 17"
                        width="1em"
                        xmlns="http://www.w3.org/2000/svg"
                      >
                        <g />
                        <path
                          d="M9.207 8.5l6.646 6.646-0.707 0.707-6.646-6.646-6.646 6.646-0.707-0.707 6.646-6.646-6.647-6.646 0.707-0.707 6.647 6.646 6.646-6.646 0.707 0.707-6.646 6.646z"
                        />
                      </svg>
                    </span>
                  </span>
                </button>
              </div>
            </div>
            <div
              class="modal__content_jzmtj modal__fullscreen_iyvgg"
            >
              <div
                class="page"
              >
                <div
                  class="space__spaceContainer_nr3as space__start_nr3as space__spaceContainerFullWidth_nr3as order__wrapper"
                >
                  <div
                    class="space__spaceItem_nr3as space__spaceItemFullWidth_nr3as"
                    style="margin-right: 16px;"
                  >
                    <div
                      class="space__spaceContainer_nr3as space__vertical_nr3as space__start_nr3as space__spaceContainerFullWidth_nr3as order__wrapper__form"
                    >
                      <div
                        class="space__spaceItem_nr3as space__spaceItemFullWidth_nr3as"
                      >
                        <form
                          class="order__form"
                        >
                          <div
                            class="title_with_component"
                          >
                            <h6
                              class="typography__component_19zgr typography__styrene-small_pxbut typography__bold_pxbut"
                            >
                              ФИО
                            </h6>
                            <div
                              class="form-control__component_e23cr form-control__component_1xedm form-control__s_e23cr form-control__block_e23cr"
                            >
                              <div
                                class="form-control__inner_e23cr form-control__inner_1xedm"
                              >
                                <div
                                  class="form-control__inputWrapper_e23cr"
                                >
                                  <div
                                    class="form-control__input_e23cr"
                                  >
                                    <input
                                      class="input__input_96c2k input__input_js93g"
                                      data-testid="input-with-name"
                                      placeholder="Фамилия Имя Отчество"
                                      type="text"
                                      value=""
                                    />
                                  </div>
                                </div>
                              </div>
                            </div>
                          </div>
                          <div
                            class="title_with_component"
                          >
                            <h6
                              class="typography__component_19zgr typography__styrene-small_pxbut typography__bold_pxbut"
                            >
                              e-mail
                            </h6>
                            <div
                              class="form-control__component_e23cr form-control__component_1xedm form-control__s_e23cr form-control__block_e23cr"
                            >
                              <div
                                class="form-control__inner_e23cr form-control__inner_1xedm"
                              >
                                <div
                                  class="form-control__inputWrapper_e23cr"
                                >
                                  <div
                                    class="form-control__input_e23cr"
                                  >
                                    <input
                                      class="input__input_96c2k input__input_js93g"
                                      data-testid="input-with-email"
                                      placeholder="example@site.ru"
                                      type="text"
                                      value=""
                                    />
                                  </div>
                                </div>
                              </div>
                            </div>
                          </div>
                          <div
                            class="title_with_component"
                          >
                            <h6
                              class="typography__component_19zgr typography__styrene-small_pxbut typography__bold_pxbut"
                            >
                              Телефон
                            </h6>
                            <div
                              class="form-control__component_e23cr form-control__component_1xedm form-control__s_e23cr form-control__block_e23cr"
                            >
                              <div
                                class="form-control__inner_e23cr form-control__inner_1xedm"
                              >
                                <div
                                  class="form-control__inputWrapper_e23cr"
                                >
                                  <div
                                    class="form-control__input_e23cr"
                                  >
                                    <input
                                      class="input__input_96c2k input__input_js93g"
                                      data-testid="input-with-phone"
                                      placeholder="+7 000 000 00 00"
                                      type="text"
                                      value=""
                                    />
                                  </div>
                                </div>
                              </div>
                            </div>
                          </div>
                          <div
                            class="title_with_component"
                          >
                            <h6
                              class="typography__component_19zgr typography__styrene-small_pxbut typography__bold_pxbut"
                            >
                              Адрес (если вы выбрали самовывоз — оставьте поле пустым)
                            </h6>
                            <div
                              class="form-control__component_e23cr form-control__component_1xedm form-control__s_e23cr form-control__block_e23cr"
                            >
                              <div
                                class="form-control__inner_e23cr form-control__inner_1xedm"
                              >
                                <div
                                  class="form-control__inputWrapper_e23cr"
                                >
                                  <div
                                    class="form-control__input_e23cr"
                                  >
                                    <input
                                      class="input__input_96c2k input__input_js93g"
                                      data-testid="input-with-address"
                                      placeholder="Индекс, город, улица, дом, квартира"
                                      type="text"
                                      value=""
                                    />
                                  </div>
                                </div>
                              </div>
                            </div>
                          </div>
                          <div
                            class="title_with_component"
                          >
                            <h6
                              class="typography__component_19zgr typography__styrene-small_pxbut typography__bold_pxbut"
                            >
                              Доставка
                            </h6>
                            <div
                              class="radio-group__component_712wm radio-group__radio_712wm radio-group__vertical_712wm"
                            >
                              <div
                                class="radio-group__radioList_712wm"
                              >
                                <label
                                  class="radio__container_6f9e9 radio__s_6f9e9 radio__start_6f9e9 radio-group__radio_712wm"
                                >
                                  <input
                                    type="radio"
                                    value="Доставка по России — 350₽"
                                  />
                                  <span
                                    class="radio__circle_6f9e9"
                                  />
                                  <span
                                    class="radio__content_6f9e9"
                                  >
                                    <span
                                      class="radio__label_6f9e9"
                                    >
                                      Доставка по России — 350₽
                                    </span>
                                  </span>
                                </label>
                                <label
                                  class="radio__container_6f9e9 radio__s_6f9e9 radio__start_6f9e9 radio-group__radio_712wm"
                                >
                                  <input
                                    type="radio"
                                    value="Курьером по Москве — 300₽"
                                  />
                                  <span
                                    class="radio__circle_6f9e9"
                                  />
                                  <span
                                    class="radio__content_6f9e9"
                                  >
                                    <span
                                      class="radio__label_6f9e9"
                                    >
                                      Курьером по Москве — 300₽
                                    </span>
                                  </span>
                                </label>
                                <label
                                  class="radio__container_6f9e9 radio__s_6f9e9 radio__start_6f9e9 radio-group__radio_712wm"
                                >
                                  <input
                                    type="radio"
                                    value="Самовывоз (пр-т Андропова, 18 корп. 3)"
                                  />
                                  <span
                                    class="radio__circle_6f9e9"
                                  />
                                  <span
                                    class="radio__content_6f9e9"
                                  >
                                    <span
                                      class="radio__label_6f9e9"
                                    >
                                      Самовывоз (пр-т Андропова, 18 корп. 3)
                                    </span>
                                  </span>
                                </label>
                              </div>
                            </div>
                          </div>
                          <div
                            class="title_with_component"
                          >
                            <h6
                              class="typography__component_19zgr typography__styrene-small_pxbut typography__bold_pxbut"
                            >
                              Промокод
                            </h6>
                            <div
                              class="form-control__component_e23cr form-control__component_1xedm form-control__s_e23cr form-control__block_e23cr"
                            >
                              <div
                                class="form-control__inner_e23cr form-control__inner_1xedm"
                              >
                                <div
                                  class="form-control__inputWrapper_e23cr"
                                >
                                  <div
                                    class="form-control__input_e23cr"
                                  >
                                    <input
                                      class="input__input_96c2k input__input_js93g"
                                      data-testid="input-with-promocode"
                                      placeholder="Промокод"
                                      type="text"
                                      value=""
                                    />
                                  </div>
                                </div>
                              </div>
                            </div>
                          </div>
                          <label
                            class="checkbox__component_1p2is checkbox__s_1p2is checkbox__start_1p2is"
                          >
                            <input
                              data-testid="isAgree"
                              type="checkbox"
                            />
                            <span
                              class="checkbox__box_1p2is"
                            />
                            <span
                              class="checkbox__content_1p2is"
                            >
                              <span
                                class="checkbox__label_1p2is"
                              >
                                Согласен с политикой конфиденциальности и обработки персональных данных
                              </span>
                            </span>
                          </label>
                          <div
                            class="form-control__component_e23cr form-control__component_1xedm order__form__text_area form-control__xl_e23cr form-control__block_e23cr"
                          >
                            <div
                              class="form-control__inner_e23cr form-control__inner_1xedm form-control__hasInnerLabel_e23cr"
                            >
                              <div
                                class="form-control__inputWrapper_e23cr"
                              >
                                <span
                                  aria-hidden="true"
                                  class="form-control__hiddenLabel_e23cr"
                                >
                                  Комментарий к заказу
                                </span>
                                <div
                                  class="form-control__label_e23cr form-control__label_1xedm"
                                >
                                  <span
                                    class="form-control__labelInner_e23cr"
                                  >
                                    Комментарий к заказу
                                  </span>
                                </div>
                                <div
                                  class="form-control__input_e23cr"
                                >
                                  <div
                                    class="scrollbar__component_b2o1k scrollbar__component_ove9j textarea__scrollable_e1n8y textarea__xl_e1n8y textarea__scrollableWithLabel_e1n8y"
                                    data-simplebar="init"
                                    style="padding: 0px;"
                                  >
                                    <div
                                      class="scrollbar__wrapper_b2o1k"
                                      style="margin: -0px -0px -0px -0px;"
                                    >
                                      <div
                                        class="scrollbar__heightAutoObserverWrapper_b2o1k"
                                      >
                                        <div
                                          class="scrollbar__heightAutoObserver_b2o1k"
                                        />
                                      </div>
                                      <div
                                        class="scrollbar__mask_b2o1k"
                                      >
                                        <div
                                          class="scrollbar__offset_b2o1k"
                                          style="right: 0px; bottom: 0px;"
                                        >
                                          <div
                                            aria-label="scrollable content"
                                            class="scrollbar__contentWrapper_b2o1k"
                                            role="region"
                                            style="height: auto; overflow-x: hidden; overflow-y: hidden;"
                                            tabindex="0"
                                          >
                                            <div
                                              class="scrollbar__content_b2o1k textarea__scrollableWrapper_e1n8y"
                                              style="padding: 0px 0px 0px 0px;"
                                            >
                                              <textarea
                                                autocomplete="on"
                                                class="textarea__textarea_e1n8y textarea__textarea_i871h textarea__xl_e1n8y textarea__hasInnerLabel_i871h"
                                                rows="1"
                                              />
                                              <textarea
                                                class="textarea__textarea_e1n8y textarea__textarea_i871h textarea__xl_e1n8y textarea__hasInnerLabel_i871h textarea__textareaHidden_e1n8y"
                                                rows="1"
                                              />
                                            </div>
                                          </div>
                                        </div>
                                      </div>
                                      <div
                                        class="scrollbar__placeholder_b2o1k"
                                        style="width: 0px; height: 0px;"
                                      />
                                    </div>
                                    <div
                                      class="track scrollbar__horizontal_b2o1k"
                                      style="visibility: hidden;"
                                    >
                                      <div
                                        class="scrollbar"
                                        style="width: 0px; display: none;"
                                      />
                                    </div>
                                    <div
                                      class="track scrollbar__vertical_b2o1k"
                                      style="visibility: hidden;"
                                    >
                                      <div
                                        class="scrollbar"
                                        style="height: 0px; display: none;"
                                      />
                                    </div>
                                  </div>
                                </div>
                              </div>
                            </div>
                          </div>
                          <div
                            class="space__spaceContainer_nr3as space__vertical_nr3as space__start_nr3as order__form__payment_information"
                          >
                            <div
                              class="space__spaceItem_nr3as"
                            >
                              <h6
                                class="typography__component_19zgr typography__styrene-large_pxbut typography__bold_pxbut"
                              >
                                Выберите способ оплаты «Промокод», если ваш заказ не превышает сумму промокода. Если больше — выберите оплату картой.
                              </h6>
                            </div>
                          </div>
                          <div
                            class="title_with_component"
                          >
                            <h6
                              class="typography__component_19zgr typography__styrene-small_pxbut typography__bold_pxbut"
                            >
                              Способ оплаты
                            </h6>
                            <div
                              class="radio-group__component_712wm radio-group__radio_712wm radio-group__vertical_712wm"
                            >
                              <div
                                class="radio-group__radioList_712wm"
                              >
                                <label
                                  class="radio__container_6f9e9 radio__s_6f9e9 radio__start_6f9e9 radio-group__radio_712wm"
                                >
                                  <input
                                    type="radio"
                                    value="Банковская карта"
                                  />
                                  <span
                                    class="radio__circle_6f9e9"
                                  />
                                  <span
                                    class="radio__content_6f9e9"
                                  >
                                    <span
                                      class="radio__label_6f9e9"
                                    >
                                      Банковская карта
                                    </span>
                                  </span>
                                </label>
                                <label
                                  class="radio__container_6f9e9 radio__s_6f9e9 radio__start_6f9e9 radio-group__radio_712wm"
                                >
                                  <input
                                    type="radio"
                                    value="Промокод"
                                  />
                                  <span
                                    class="radio__circle_6f9e9"
                                  />
                                  <span
                                    class="radio__content_6f9e9"
                                  >
                                    <span
                                      class="radio__label_6f9e9"
                                    >
                                      Промокод
                                    </span>
                                  </span>
                                </label>
                              </div>
                            </div>
                          </div>
                          <button
                            class="button__component_j4291 button__m_j4291 button__component_3xn9f button__primary_3xn9f button__block_j4291 button__loading_j4291 button__loading_3xn9f"
                            data-testid="confirm-form"
                            disabled=""
                            type="submit"
                          >
                            <span
                              class="button__text_j4291 button__stretchText_j4291"
                            >
                              Дальше
                            </span>
                            <div
                              class="loader__component_kvvq4 button__loader_j4291"
                            >
                              <div />
                              <div />
                              <div />
                            </div>
                          </button>
                        </form>
                      </div>
                    </div>
                  </div>
                  <div
                    class="space__spaceItem_nr3as space__spaceItemFullWidth_nr3as"
                  >
                    <div
                      class="space__spaceContainer_nr3as space__vertical_nr3as space__start_nr3as space__spaceContainerFullWidth_nr3as order__wrapper__items"
                    >
                      <div
                        class="space__spaceItem_nr3as space__spaceItemFullWidth_nr3as"
                        style="margin-bottom: 16px;"
                      >
                        <div
                          class="cart__items"
                        >
                          <div
                            class="space__spaceContainer_nr3as space__center_nr3as cart__items__item"
                          >
                            <div
                              class="space__spaceItem_nr3as"
                              style="margin-right: 16px;"
                            >
                              <div
                                class="space__spaceContainer_nr3as space__center_nr3as"
                              >
                                <div
                                  class="space__spaceItem_nr3as"
                                  style="margin-right: 16px;"
                                >
                                  <div
                                    class="skeleton__component_1bshy skeleton__animate_1bshy"
                                  >
                                    <img
                                      alt="test"
                                      class=""
                                      src="http://qa-games.ru/astore/public/images/15932051.jpeg"
                                    />
                                  </div>
                                </div>
                                <div
                                  class="space__spaceItem_nr3as"
                                >
                                  <div
                                    class="space__spaceContainer_nr3as space__vertical_nr3as space__start_nr3as item__description"
                                  >
                                    <div
                                      class="space__spaceItem_nr3as"
                                    >
                                      <p
                                        class="typography__paragraph_c16y5 typography__primary-large_c16y5 typography__bold_c16y5"
                                      >
                                        Рюкзак «Для умных и свободных»
                                      </p>
                                    </div>
                                  </div>
                                </div>
                              </div>
                            </div>
                            <div
                              class="space__spaceItem_nr3as"
                            >
                              <div
                                class="space__spaceContainer_nr3as space__center_nr3as space__spaceContainerFullWidth_nr3as item__counter"
                              >
                                <div
                                  class="space__spaceItem_nr3as space__spaceItemFullWidth_nr3as"
                                  style="margin-right: 0px;"
                                >
                                  <div
                                    class="space__spaceContainer_nr3as space__center_nr3as space__spaceContainerFullWidth_nr3as item__counter__buttons"
                                  >
                                    <div
                                      class="space__spaceItem_nr3as space__spaceItemFullWidth_nr3as"
                                      style="margin-right: 5px;"
                                    >
                                      <button
                                        class="button__component_j4291 button__ghost_j4291 button__s_j4291 button__component_3xn9f button__ghost_3xn9f item__counter__buttons_button icon-button__primary_2t17d icon-button__component_2t17d"
                                        data-testid="decrement-count"
                                        disabled=""
                                        type="button"
                                      >
                                        <span
                                          class="button__text_j4291 button__stretchText_j4291"
                                        >
                                          <span
                                            class="icon-button__iconWrapper_pctl3 icon-button__s_pctl3"
                                          >
                                            <svg
                                              class="icon-button__icon_pctl3"
                                              fill="none"
                                              height="1em"
                                              stroke="currentColor"
                                              stroke-width="0"
                                              viewBox="0 0 24 24"
                                              width="1em"
                                              xmlns="http://www.w3.org/2000/svg"
                                            >
                                              <path
                                                d="M15 12H9m12 0a9 9 0 11-18 0 9 9 0 0118 0z"
                                                stroke-linecap="round"
                                                stroke-linejoin="round"
                                                stroke-width="2"
                                              />
                                            </svg>
                                          </span>
                                        </span>
                                      </button>
                                    </div>
                                    <div
                                      class="space__spaceItem_nr3as space__spaceItemFullWidth_nr3as"
                                      style="margin-right: 5px;"
                                    >
                                      <div
                                        class="form-control__component_e23cr form-control__component_1xedm item__counter__buttons__text_count form-control__s_e23cr"
                                      >
                                        <div
                                          class="form-control__inner_e23cr form-control__inner_1xedm form-control__filled_e23cr form-control__filled_1xedm"
                                        >
                                          <div
                                            class="form-control__inputWrapper_e23cr"
                                          >
                                            <div
                                              class="form-control__input_e23cr"
                                            >
                                              <input
                                                class="input__input_96c2k input__input_js93g"
                                                data-testid="input-count"
                                                placeholder="1"
                                                type="text"
                                                value="1"
                                              />
                                            </div>
                                          </div>
                                        </div>
                                      </div>
                                    </div>
                                    <div
                                      class="space__spaceItem_nr3as space__spaceItemFullWidth_nr3as"
                                      style="margin-right: 5px;"
                                    >
                                      <button
                                        class="button__component_j4291 button__ghost_j4291 button__s_j4291 button__component_3xn9f button__ghost_3xn9f item__counter__buttons_button icon-button__primary_2t17d icon-button__component_2t17d"
                                        data-testid="increment-count"
                                        type="button"
                                      >
                                        <span
                                          class="button__text_j4291 button__stretchText_j4291"
                                        >
                                          <span
                                            class="icon-button__iconWrapper_pctl3 icon-button__s_pctl3"
                                          >
                                            <svg
                                              class="icon-button__icon_pctl3"
                                              fill="none"
                                              height="1em"
                                              stroke="currentColor"
                                              stroke-width="0"
                                              viewBox="0 0 24 24"
                                              width="1em"
                                              xmlns="http://www.w3.org/2000/svg"
                                            >
                                              <path
                                                d="M12 9v3m0 0v3m0-3h3m-3 0H9m12 0a9 9 0 11-18 0 9 9 0 0118 0z"
                                                stroke-linecap="round"
                                                stroke-linejoin="round"
                                                stroke-width="2"
                                              />
                                            </svg>
                                          </span>
                                        </span>
                                      </button>
                                    </div>
                                    <div
                                      class="space__spaceItem_nr3as space__spaceItemFullWidth_nr3as"
                                    >
                                      <p
                                        class="typography__paragraph_c16y5 item__text_price typography__primary-medium_c16y5 typography__bold_c16y5"
                                      >
                                         ₽
                                      </p>
                                    </div>
                                  </div>
                                </div>
                                <div
                                  class="space__spaceItem_nr3as space__spaceItemFullWidth_nr3as"
                                >
                                  <button
                                    class="button__component_j4291 button__ghost_j4291 button__s_j4291 button__component_3xn9f button__ghost_3xn9f item__counter__buttons_cross icon-button__primary_2t17d icon-button__component_2t17d"
                                    data-testid="delete-item"
                                    type="button"
                                  >
                                    <span
                                      class="button__text_j4291 button__stretchText_j4291"
                                    >
                                      <span
                                        class="icon-button__iconWrapper_pctl3 icon-button__s_pctl3"
                                      >
                                        <svg
                                          class="icon-button__icon_pctl3"
                                          fill="none"
                                          height="1em"
                                          stroke="currentColor"
                                          stroke-width="0"
                                          viewBox="0 0 15 15"
                                          width="1em"
                                          xmlns="http://www.w3.org/2000/svg"
                                        >
                                          <path
                                            clip-rule="evenodd"
                                            d="M0.877075 7.49988C0.877075 3.84219 3.84222 0.877045 7.49991 0.877045C11.1576 0.877045 14.1227 3.84219 14.1227 7.49988C14.1227 11.1575 11.1576 14.1227 7.49991 14.1227C3.84222 14.1227 0.877075 11.1575 0.877075 7.49988ZM7.49991 1.82704C4.36689 1.82704 1.82708 4.36686 1.82708 7.49988C1.82708 10.6329 4.36689 13.1727 7.49991 13.1727C10.6329 13.1727 13.1727 10.6329 13.1727 7.49988C13.1727 4.36686 10.6329 1.82704 7.49991 1.82704ZM9.85358 5.14644C10.0488 5.3417 10.0488 5.65829 9.85358 5.85355L8.20713 7.49999L9.85358 9.14644C10.0488 9.3417 10.0488 9.65829 9.85358 9.85355C9.65832 10.0488 9.34173 10.0488 9.14647 9.85355L7.50002 8.2071L5.85358 9.85355C5.65832 10.0488 5.34173 10.0488 5.14647 9.85355C4.95121 9.65829 4.95121 9.3417 5.14647 9.14644L6.79292 7.49999L5.14647 5.85355C4.95121 5.65829 4.95121 5.3417 5.14647 5.14644C5.34173 4.95118 5.65832 4.95118 5.85358 5.14644L7.50002 6.79289L9.14647 5.14644C9.34173 4.95118 9.65832 4.95118 9.85358 5.14644Z"
                                            fill="currentColor"
                                            fill-rule="evenodd"
                                          />
                                        </svg>
                                      </span>
                                    </span>
                                  </button>
                                </div>
                              </div>
                            </div>
                          </div>
                        </div>
                      </div>
                      <div
                        class="space__spaceItem_nr3as space__spaceItemFullWidth_nr3as"
                      >
                        <div
                          class="space__spaceContainer_nr3as space__vertical_nr3as space__start_nr3as space__spaceContainerFullWidth_nr3as order__wrapper__total_price"
                        >
                          <div
                            class="space__spaceItem_nr3as space__spaceItemFullWidth_nr3as"
                          >
                            <div
                              class="order__delivery"
                            >
                              <p
                                class="typography__paragraph_c16y5 typography__primary-large_c16y5 typography__bold_c16y5"
                              >
                                Сумма: 
                                4 999
                                 ₽
                              </p>
                            </div>
                          </div>
                        </div>
                      </div>
                    </div>
                  </div>
                </div>
              </div>
            </div>
          </div>
        </div>
      </div>
    </div>
    <div
      data-focus-guard="true"
      style="width: 1px; height: 0px; padding: 0px; overflow: hidden; position: fixed; top: 1px; left: 1px;"
      tabindex="0"
    />
  </div>
</body>
`;
